---
source: tui/src/status_indicator_widget.rs
expression: terminal.backend()
---
"  Working (0s • background: 0 • Esc to interrupt)                               "
"                                                                                "
