---
source: tui/src/bottom_pane/footer.rs
expression: terminal.backend()
---
"  ? for shortcuts  Â·  continuous mode (Ctrl+G to stop)                          "
