---
source: tui/src/bottom_pane/footer.rs
expression: terminal.backend()
---
"  72% context left  Â·  continuous mode (Ctrl+G to stop)                         "
